// Vitest Snapshot v1, https://vitest.dev/guide/snapshot.html

exports[`global CSS snapshot > output is stable across refactors 1`] = `
":root {
  --vibes-blue: #3b82f6;
  --vibes-blue-accent: #0066cc;
  --vibes-blue-bright: #0074d9;
  --vibes-blue-dark: #357abd;
  --vibes-blue-darker: #4a90e2;
  --vibes-red: #ef4444;
  --vibes-red-accent: #da291c;
  --vibes-red-dark: #b91c1c;
  --vibes-red-bright: #dc2626;
  --vibes-red-light: #ff6666;
  --vibes-red-delete: #ff3333;
  --vibes-yellow: #eab308;
  --vibes-yellow-accent: #fedd00;
  --vibes-yellow-bright: #fe0;
  --vibes-gray: #6b7280;
  --vibes-green: #51cf66;
  --vibes-purple-neon: #c084fc;
  --vibes-magenta-neon: #e879f9;
  --vibes-pink-neon: #f472b6;
  --vibes-cyan-neon: #22d3ee;
  --vibes-lime-neon: #a3e635;
  --vibes-orange-neon: #fb923c;
  --vibes-black: #000000;
  --vibes-near-black: #1a1a1a;
  --vibes-dark-gray: #222222;
  --vibes-gray-dark: #333333;
  --vibes-gray-mid: #555555;
  --vibes-gray-medium: #666666;
  --vibes-gray-light: #aaaaaa;
  --vibes-gray-lighter: #cccccc;
  --vibes-gray-lightest: #d4d4d4;
  --vibes-gray-ultralight: #e0e0e0;
  --vibes-gray-pale: #e5e5e5;
  --vibes-gray-offwhite: #eeeeee;
  --vibes-gray-ghost: #f0f0f0;
  --vibes-gray-whisper: #f5f5f5;
  --vibes-gray-mist: #fafafa;
  --vibes-white: #ffffff;
  --vibes-cream: #fffff0;
  --vibes-bg-primary: #ffffff;
  --vibes-bg-secondary: #f5f5f5;
  --vibes-bg-tertiary: #e5e5e5;
  --vibes-bg-overlay: rgba(255, 255, 255, 0.5);
  --vibes-bg-input: #ffffff;
  --vibes-bg-dropzone: #fafafa;
  --vibes-bg-dropzone-active: #f0f8ff;
  --vibes-bg-light: #f0f0f0;
  --vibes-text-primary: #333333;
  --vibes-text-secondary: #666666;
  --vibes-text-muted: #aaaaaa;
  --vibes-text-inverse: #ffffff;
  --vibes-border-primary: #1a1a1a;
  --vibes-border-secondary: #cccccc;
  --vibes-border-light: #dddddd;
  --vibes-border-input: #cccccc;
  --vibes-shadow-color: #1a1a1a;
  --vibes-shadow-sm: rgba(0, 0, 0, 0.15);
  --vibes-shadow-md: rgba(0, 0, 0, 0.3);
  --vibes-shadow-lg: rgba(0, 0, 0, 0.5);
  --vibes-shadow-backdrop: rgba(0, 0, 0, 0.9);
  --vibes-button-bg: #fffff0;
  --vibes-button-text: #1a1a1a;
  --vibes-button-border: #1a1a1a;
  --vibes-button-icon-bg: #2a2a2a;
  --vibes-button-icon-fill: #ffffff;
  --vibes-button-bg-dark-aware: #fffff0;
  --vibes-button-text-dark-aware: #1a1a1a;
  --vibes-button-border-dark-aware: #1a1a1a;
  --vibes-button-icon-bg-dark-aware: #ffffff;
  --vibes-variant-blue: #3b82f6;
  --vibes-variant-red: #ef4444;
  --vibes-variant-yellow: #eab308;
  --vibes-variant-gray: #6b7280;
  --vibes-card-bg: #e5e5e5;
  --vibes-card-text: #1a1a1a;
  --vibes-card-border: #1a1a1a;
  --vibes-error-bg: rgba(0, 0, 0, 0.7);
  --vibes-error-border: #ff6666;
  --vibes-error-text: #ff6666;
  --vibes-error-text-body: #ffffff;
  --vibes-imggen-accent: #0066cc;
  --vibes-imggen-flash: #fe0;
  --vibes-imggen-button-bg: rgba(255, 255, 255, 0.7);
  --vibes-imggen-delete-hover: #ff3333;
  --vibes-tc-string: #059669;
  --vibes-tc-number: #b45309;
  --vibes-tc-boolean: #7c3aed;
  --vibes-tc-null: #9ca3af;
  --vibes-tc-object: #c2410c;
  --vibes-tc-array: #0369a1;
  --vibes-tc-key: #374151;
  --vibes-hover-tint: rgba(0, 0, 0, 0.015);
}

@media (prefers-color-scheme: dark) {
  :root {
    --vibes-bg-primary: #1a1a1a;
    --vibes-bg-secondary: #2a2a2a;
    --vibes-bg-tertiary: #404040;
    --vibes-bg-overlay: rgba(0, 0, 0, 0.5);
    --vibes-bg-input: #2a2a2a;
    --vibes-bg-dropzone: #2a2a2a;
    --vibes-bg-dropzone-active: #1a3a4a;
    --vibes-bg-light: #404040;
    --vibes-text-primary: #e0e0e0;
    --vibes-text-secondary: #aaaaaa;
    --vibes-text-muted: #666666;
    --vibes-text-inverse: #1a1a1a;
    --vibes-border-primary: #555555;
    --vibes-border-secondary: #555555;
    --vibes-border-light: #555555;
    --vibes-border-input: #555555;
    --vibes-shadow-color: #1a1a1a;
    --vibes-shadow-sm: rgba(255, 255, 255, 0.1);
    --vibes-shadow-md: rgba(255, 255, 255, 0.1);
    --vibes-shadow-lg: rgba(0, 0, 0, 0.5);
    --vibes-shadow-backdrop: rgba(0, 0, 0, 0.9);
    --vibes-button-icon-bg: #ffffff;
    --vibes-button-icon-fill: #2a2a2a;
    --vibes-button-bg-dark-aware: #2a2a2a;
    --vibes-button-text-dark-aware: #e0e0e0;
    --vibes-button-border-dark-aware: #555555;
    --vibes-button-icon-bg-dark-aware: #404040;
    --vibes-variant-blue: #c084fc;
    --vibes-variant-red: #f472b6;
    --vibes-variant-yellow: #fb923c;
    --vibes-variant-gray: #22d3ee;
    --vibes-card-bg: #1a1a1a;
    --vibes-card-text: #ffffff;
    --vibes-card-border: #555555;
    --vibes-imggen-button-bg: rgba(0, 0, 0, 0.7);
    --vibes-tc-string: #5de4c7;
    --vibes-tc-number: #e4b781;
    --vibes-tc-boolean: #c4a7e7;
    --vibes-tc-null: #585b70;
    --vibes-tc-object: #f5a97f;
    --vibes-tc-array: #7dc4e4;
    --vibes-tc-key: #cad3f5;
    --vibes-hover-tint: rgba(255, 255, 255, 0.015);
  }
}


html { margin: 0; padding: 0; }

body {
  margin: 0;
  padding: 0;
  font-family: "Inter", -apple-system, BlinkMacSystemFont, "Segoe UI", "Roboto", "Oxygen", "Ubuntu", "Cantarell", "Fira Sans", "Droid Sans", "Helvetica Neue", sans-serif;
  -webkit-font-smoothing: antialiased;
  -moz-osx-font-smoothing: grayscale;
  width: 100%;
  height: 100%;
  background-color: var(--color-light-background-00);
  color: var(--color-light-primary);
}

@media (prefers-color-scheme: dark) {
  :root { color-scheme: dark; }
  body {
    color-scheme: dark;
    background-color: var(--color-dark-background-00);
    color: var(--color-dark-primary);
  }
  html, body {
    background-color: var(--color-dark-background-00);
    color: var(--color-dark-primary);
  }
}

@supports (-webkit-touch-callout: none) {
  @media (prefers-color-scheme: dark) {
    html, body {
      background-color: var(--color-dark-background-00);
      color: var(--color-dark-primary);
    }
  }
}

hr { opacity: 0.5; }
#root { height: 100%; }



button { font-family: inherit; }
input, textarea, select { font-size: 16px; }
button, a, [role="button"], [type="button"], [type="submit"], [type="reset"] { cursor: pointer; }
.light { --sp-layout-height: 100vh !important; }



* {
  box-sizing: border-box;
  scrollbar-width: thin;
  scrollbar-color: var(--vibes-border-primary) transparent;
  -webkit-tap-highlight-color: transparent;
}

html, body { touch-action: manipulation; }

::-webkit-scrollbar { width: 6px; height: 6px; }
::-webkit-scrollbar-thumb { background: var(--vibes-border-primary); border-radius: 3px; }
::-webkit-scrollbar-track { background: transparent; }



::selection {
  background: color-mix(in srgb, var(--vibes-blue) 30%, transparent);
  color: var(--vibes-text-primary);
}

:focus-visible { outline: 2px solid var(--vibes-blue); outline-offset: 2px; }
button:disabled { pointer-events: none; opacity: 0.5; }



select {
  appearance: none;
  border: 2px solid var(--vibes-border-primary);
  border-radius: 5px;
  box-shadow: 2px 2px 0px 0px var(--vibes-border-primary);
  background-image: url("data:image/svg+xml,%3Csvg xmlns='http://www.w3.org/2000/svg' width='10' height='6'%3E%3Cpath d='M0 0l5 6 5-6z' fill='%23888'/%3E%3C/svg%3E");
  background-repeat: no-repeat;
  background-position: right 6px center;
  padding-right: 22px;
  transition: transform 0.15s ease, box-shadow 0.15s ease;
}
select:active { transform: translate(2px, 2px); box-shadow: none; }



@media (max-width: 639px) {
  input, select, textarea { font-size: 16px !important; }
  textarea.code-editor { font-size: 14px !important; }
}



@keyframes fadeIn {
  from { opacity: 0; }
  to { opacity: 1; }
}
@keyframes bounceIn {
  0% { transform: scale(0.8); opacity: 0; }
  50% { transform: scale(1.05); opacity: 1; }
  100% { transform: scale(1); opacity: 1; }
}
@keyframes buttonGlimmer {
  0% { background-position: -100% 0; }
  100% { background-position: 200% 0; }
}
@keyframes gradientGlimmer {
  0% { background-position: 0% 50%; }
  50% { background-position: 100% 50%; }
  100% { background-position: 0% 50%; }
}
@keyframes pulse {
  0% { transform: rotate(-5deg) scale(1); }
  50% { transform: rotate(0deg) scale(1.05); }
  100% { transform: rotate(-5deg) scale(1); }
}
@keyframes logo-rotate {
  0% { transform: rotate(45deg) scale(5.5); }
  66% { transform: rotate(0deg) scale(1); }
  100% { transform: rotate(45deg) scale(5.5); }
}
@keyframes logo-pulse-height {
  0% { width: 200%; }
  50% { width: 20%; }
  100% { width: 200%; }
}
@keyframes gradient-x {
  0% { background-position: 0% 50%; }
  50% { background-position: 100% 50%; }
  100% { background-position: 0% 50%; }
}
@keyframes moving-stripes {
  0% { background-position: 0 0; }
  100% { background-position: 40px 0; }
}
@keyframes toast-in {
  from { opacity: 0; transform: translateY(8px); }
  to { opacity: 1; transform: translateY(0); }
}
@keyframes fade-in {
  from { opacity: 0; }
  to { opacity: 1; }
}



.animate-fade-in { animation: fadeIn 0.3s ease-in-out forwards; }
.animate-bounce-in { animation: bounceIn 0.5s ease-out forwards; }
.animate-gradient-x { background-size: 200% auto; animation: gradient-x 3s linear infinite; }



.accent-00 { background-color: var(--color-accent-00-light); }
@media (prefers-color-scheme: dark) { .accent-00 { background-color: var(--color-accent-00-dark); } }
.accent-01 { background-color: var(--color-accent-01-light); }
@media (prefers-color-scheme: dark) { .accent-01 { background-color: var(--color-accent-01-dark); } }
.accent-02 { background-color: var(--color-accent-02-light); }
@media (prefers-color-scheme: dark) { .accent-02 { background-color: var(--color-accent-02-dark); } }
.accent-03 { background-color: var(--color-accent-03-light); }
@media (prefers-color-scheme: dark) { .accent-03 { background-color: var(--color-accent-03-dark); } }

.text-accent-00 { color: var(--color-accent-00-light); }
@media (prefers-color-scheme: dark) { .text-accent-00 { color: var(--color-accent-00-dark); } }
.text-accent-01 { color: var(--color-accent-01-light); }
@media (prefers-color-scheme: dark) { .text-accent-01 { color: var(--color-accent-01-dark); } }
.text-accent-02 { color: var(--color-accent-02-light); }
@media (prefers-color-scheme: dark) { .text-accent-02 { color: var(--color-accent-02-dark); } }
.text-accent-03 { color: var(--color-accent-03-light); }
@media (prefers-color-scheme: dark) { .text-accent-03 { color: var(--color-accent-03-dark); } }

.decorative-00 { background-color: var(--color-light-decorative-00); }
@media (prefers-color-scheme: dark) { .decorative-00 { background-color: var(--color-dark-decorative-00); } }
.decorative-01 { background-color: var(--color-light-decorative-01); }
@media (prefers-color-scheme: dark) { .decorative-01 { background-color: var(--color-dark-decorative-01); } }
.decorative-02 { background-color: var(--color-light-decorative-02); }
@media (prefers-color-scheme: dark) { .decorative-02 { background-color: var(--color-dark-decorative-02); } }

.bg-primary { background-color: var(--color-light-background-00); }
@media (prefers-color-scheme: dark) { .bg-primary { background-color: var(--color-dark-background-00); } }
.bg-secondary { background-color: var(--color-light-background-01); }
@media (prefers-color-scheme: dark) { .bg-secondary { background-color: var(--color-dark-background-01); } }
.bg-tertiary { background-color: var(--color-light-background-02); }
@media (prefers-color-scheme: dark) { .bg-tertiary { background-color: var(--color-dark-background-02); } }



.light-gradient { background: linear-gradient(110deg, transparent 0%, rgba(255,255,255,1) 45%, white 89%); }
@media (prefers-color-scheme: dark) { .light-gradient { background: linear-gradient(110deg, transparent 0%, rgba(0,0,0,1) 45%, black 89%); } }

.pulsing { width: 100%; height: auto; transform: rotate(-5deg) scale(6); animation: pulse 8s infinite; }
.logo-pulse { transform: rotate(-5deg) scale(3); animation: logo-rotate 1410s ease-in-out infinite, logo-pulse-height 711s ease-in-out infinite; }



.ai-markdown p { margin-bottom: 0.5rem; }
.ai-markdown ul { list-style-type: disc; padding-left: 1rem; padding-top: 0.5rem; }
.ai-markdown ol { list-style-type: decimal; padding-left: 1rem; padding-top: 0.5rem; }
.ai-markdown li { margin-bottom: 0.5rem; }
.ai-markdown h1 { font-size: 1.5rem; font-weight: 700; margin-top: 1rem; margin-bottom: 1rem; }
.ai-markdown h2 { font-size: 1.3rem; font-weight: 600; margin-top: 1rem; margin-bottom: 0.75rem; }
.ai-markdown h3 { font-size: 1.15rem; font-weight: 600; margin-top: 0.75rem; margin-bottom: 0.5rem; }



.page-grid-background {}
body:has(.page-grid-background) {
  background-color: #d4d4d4;
  background-image: linear-gradient(rgba(255,255,255,0.5) 1px, transparent 1px), linear-gradient(90deg, rgba(255,255,255,0.5) 1px, transparent 1px);
  background-size: 40px 40px;
  background-attachment: scroll;
}
@media (min-width: 768px) { body:has(.page-grid-background) { background-attachment: fixed; } }
@media (prefers-color-scheme: dark) {
  body:has(.page-grid-background) {
    background-color: #2a2a2a;
    background-image: linear-gradient(rgba(255,255,255,0.3) 1px, transparent 1px), linear-gradient(90deg, rgba(255,255,255,0.3) 1px, transparent 1px);
  }
}



.vibes-login-button {
  width: 100%; padding: 1rem 2rem;
  background: var(--color-light-background-00); color: var(--color-light-primary);
  border: 3px solid var(--color-light-primary); border-radius: 12px;
  font-size: 1rem; font-weight: 700; text-transform: uppercase; letter-spacing: 0.05em;
  cursor: pointer; transition: all 0.15s ease; position: relative;
  transform: translate(0px, 0px); box-shadow: 4px 5px 0px 0px #009ace;
}
.vibes-login-button:hover { transform: translate(2px, 2px); box-shadow: 2px 3px 0px 0px #009ace; }
.vibes-login-button:active { transform: translate(4px, 5px); box-shadow: none; }
.vibes-login-button:focus-visible { outline: 3px solid #009ace; outline-offset: 4px; }
@media (prefers-color-scheme: dark) {
  .vibes-login-button { background: var(--color-dark-background-00); color: var(--color-dark-primary); border-color: var(--color-dark-primary); }
}
"
`;
